../Core/Src/main.c:88:6:HAL_UART_RxCpltCallback	16	static
../Core/Src/main.c:100:6:HAL_TIM_PeriodElapsedCallback	16	static
../Core/Src/main.c:112:9:leitura_buffer	16	static
../Core/Src/main.c:121:6:trata_uart	8	static
../Core/Src/main.c:125:6:trata_string	16	static
../Core/Src/main.c:130:6:transmite_tfmini	16	static
../Core/Src/main.c:141:5:main	8	static
../Core/Src/main.c:206:6:SystemClock_Config	88	static
../Core/Src/main.c:254:13:MX_I2C3_Init	8	static
../Core/Src/main.c:302:13:MX_RTC_Init	8	static
../Core/Src/main.c:339:13:MX_TIM3_Init	40	static
../Core/Src/main.c:384:13:MX_USART1_UART_Init	8	static
../Core/Src/main.c:432:13:MX_USART3_UART_Init	8	static
../Core/Src/main.c:478:13:MX_DMA_Init	16	static
../Core/Src/main.c:497:13:MX_GPIO_Init	40	static
../Core/Src/main.c:530:6:Error_Handler	4	static,ignoring_inline_asm
