../Core/Src/main.c:82:6:HAL_UART_RxCpltCallback	16	static
../Core/Src/main.c:94:6:HAL_TIM_PeriodElapsedCallback	16	static
../Core/Src/main.c:106:9:leitura_buffer	16	static
../Core/Src/main.c:115:6:trata_uart	8	static
../Core/Src/main.c:119:6:trata_string	16	static
../Core/Src/main.c:124:6:inicializa_tfmini	16	static
../Core/Src/main.c:140:5:main	8	static
../Core/Src/main.c:202:6:SystemClock_Config	88	static
../Core/Src/main.c:250:13:MX_I2C3_Init	8	static
../Core/Src/main.c:298:13:MX_RTC_Init	8	static
../Core/Src/main.c:335:13:MX_TIM3_Init	40	static
../Core/Src/main.c:380:13:MX_USART3_UART_Init	8	static
../Core/Src/main.c:426:13:MX_DMA_Init	16	static
../Core/Src/main.c:445:13:MX_GPIO_Init	40	static
../Core/Src/main.c:478:6:Error_Handler	4	static,ignoring_inline_asm
